ASxxxx Linker V03.00/V05.40 + sdld,  page 1.
Hexadecimal  [32-Bits]

Area                                    Addr        Size        Decimal Bytes (Attributes)
--------------------------------        ----        ----        ------- ----- ------------
.  .ABS.                            00000000    00000000 =           0. bytes (ABS,CON)

      Value  Global                              Global Defined In Module
      -----  --------------------------------   ------------------------
     00000000  .__.ABS.                           cpct_video
     00000000  l__CABS                         
     00000000  l__DABS                         
     00000000  l__GSFINAL                      
     00000000  l__HOME                         
     00000000  l__v_mask_table_                
     00000000  s__CABS                         
     00000000  s__CABS0                        
     00000000  s__DABS                         
     00000000  s__v_mask_table_                
     00000000  s__v_mask_table_0               
     00000006  _cpctelera_12_size_z               
     00000006  _cpctelera_15_size_z               
     00000006  _ghost_0_size_z                    
     00000008  _cpctelera_11_size_z               
     0000000A  _cpctelera_0_size_z                
     0000000F  l__GSINIT                       
     00000012  _play_2_size_z                     
     00000020  _cpctelera_13_size_z               
     00000021  l__INITIALIZED                  
     00000021  l__INITIALIZER                  
     00000023  _cpctelera_3_size_z                
     00000025  _ghost_4_size_z                    
     00000026  _cpctelera_14_size_z               
     00000026  _ghost_3_size_z                    
     00000029  _cpctelera_1_size_z                
     0000002B  _spider_5_size_z                   
     00000030  _cpctelera_8_size_z                
     00000030  _ghost_1_size_z                    
     00000030  _spider_3_size_z                   
     00000031  _spider_4_size_z                   
     00000032  _ghost_2_size_z                    
     00000033  _mode_6_size_z                     
     00000035  _ghost_8_size_z                    
     00000038  _spider_0_size_z                   
     00000038  _spider_1_size_z                   
     00000038  _spider_2_size_z                   
     0000003A  _ghost_5_size_z                    
     0000003B  _mode_8_size_z                     
     0000003C  _mode_3_size_z                     
     0000003D  _snowball_0_size_z                 
     0000003E  _snowball_5_size_z                 
     0000003F  _snowball_11_size_z                
     00000040  _play_1_size_z                     
     00000041  _snowball_10_size_z                
     00000042  _snowball_6_size_z                 
     00000043  _snowball_7_size_z                 
     00000044  _cpctelera_7_size_z                
     00000044  _snowball_13_size_z                
     00000045  _spider_6_size_z                   
ASxxxx Linker V03.00/V05.40 + sdld,  page 2.
Hexadecimal  [32-Bits]

Area                                    Addr        Size        Decimal Bytes (Attributes)
--------------------------------        ----        ----        ------- ----- ------------
.  .ABS.                            00000000    00000000 =           0. bytes (ABS,CON)

      Value  Global                              Global Defined In Module
      -----  --------------------------------   ------------------------
     00000047  _mode_4_size_z                     
     00000047  _mode_5_size_z                     
     00000047  _mode_7_size_z                     
     00000048  _play_0_size_z                     
     00000049  _controls_0_size_z                 
     00000049  _mode_0_size_z                     
     0000004A  _controls_1_size_z                 
     0000004A  _roland_3_size_z                   
     0000004A  _spider_10_size_z                  
     0000004B  _snowball_1_size_z                 
     0000004B  _snowball_8_size_z                 
     0000004D  _controls_3_size_z                 
     0000004F  _controls_2_size_z                 
     0000004F  _mode_1_size_z                     
     0000004F  _mode_2_size_z                     
     0000004F  _spider_7_size_z                   
     00000050  _snowball_12_size_z                
     00000050  _snowball_15_size_z                
     00000051  _spider_8_size_z                   
     00000052  _spider_9_size_z                   
     00000054  _snowball_14_size_z                
     00000054  _snowball_9_size_z                 
     00000054  _spider_11_size_z                  
     00000056  _ghost_6_size_z                    
     00000056  _snowball_2_size_z                 
     00000056  _snowball_4_size_z                 
     00000058  _snowball_3_size_z                 
     00000059  _cpctelera_9_size_z                
     0000005B  _cpctelera_6_size_z                
     00000060  _cpctelera_10_size_z               
     00000061  _cpctelera_2_size_z                
     00000065  _roland_1_size_z                   
     00000067  _ghost_7_size_z                    
     00000076  _cpctelera_4_size_z                
     00000076  _roland_2_size_z                   
     00000079  _roland_0_size_z                   
     00000081  _cpctelera_5_size_z                
     0000009C  l__CSEG                         
     00000100  _controls_0_size                   
     00000100  _controls_1_size                   
     00000100  _controls_2_size                   
     00000100  _controls_3_size                   
     00000100  _cpctelera_0_size                  
     00000100  _cpctelera_10_size                 
     00000100  _cpctelera_11_size                 
     00000100  _cpctelera_12_size                 
     00000100  _cpctelera_13_size                 
     00000100  _cpctelera_14_size                 
     00000100  _cpctelera_15_size                 
     00000100  _cpctelera_1_size                  
     00000100  _cpctelera_2_size                  
ASxxxx Linker V03.00/V05.40 + sdld,  page 3.
Hexadecimal  [32-Bits]

Area                                    Addr        Size        Decimal Bytes (Attributes)
--------------------------------        ----        ----        ------- ----- ------------
.  .ABS.                            00000000    00000000 =           0. bytes (ABS,CON)

      Value  Global                              Global Defined In Module
      -----  --------------------------------   ------------------------
     00000100  _cpctelera_3_size                  
     00000100  _cpctelera_4_size                  
     00000100  _cpctelera_5_size                  
     00000100  _cpctelera_6_size                  
     00000100  _cpctelera_7_size                  
     00000100  _cpctelera_8_size                  
     00000100  _cpctelera_9_size                  
     00000100  _ghost_0_size                      
     00000100  _ghost_1_size                      
     00000100  _ghost_2_size                      
     00000100  _ghost_3_size                      
     00000100  _ghost_4_size                      
     00000100  _ghost_5_size                      
     00000100  _ghost_6_size                      
     00000100  _ghost_7_size                      
     00000100  _ghost_8_size                      
     00000100  _mode_0_size                       
     00000100  _mode_1_size                       
     00000100  _mode_2_size                       
     00000100  _mode_3_size                       
     00000100  _mode_4_size                       
     00000100  _mode_5_size                       
     00000100  _mode_6_size                       
     00000100  _mode_7_size                       
     00000100  _mode_8_size                       
     00000100  _play_0_size                       
     00000100  _play_1_size                       
     00000100  _play_2_size                       
     00000100  _roland_0_size                     
     00000100  _roland_1_size                     
     00000100  _roland_2_size                     
     00000100  _roland_3_size                     
     00000100  _snowball_0_size                   
     00000100  _snowball_10_size                  
     00000100  _snowball_11_size                  
     00000100  _snowball_12_size                  
     00000100  _snowball_13_size                  
     00000100  _snowball_14_size                  
     00000100  _snowball_15_size                  
     00000100  _snowball_1_size                   
     00000100  _snowball_2_size                   
     00000100  _snowball_3_size                   
     00000100  _snowball_4_size                   
     00000100  _snowball_5_size                   
     00000100  _snowball_6_size                   
     00000100  _snowball_7_size                   
     00000100  _snowball_8_size                   
     00000100  _snowball_9_size                   
     00000100  _spider_0_size                     
     00000100  _spider_10_size                    
     00000100  _spider_11_size                    
ASxxxx Linker V03.00/V05.40 + sdld,  page 4.
Hexadecimal  [32-Bits]

Area                                    Addr        Size        Decimal Bytes (Attributes)
--------------------------------        ----        ----        ------- ----- ------------
.  .ABS.                            00000000    00000000 =           0. bytes (ABS,CON)

      Value  Global                              Global Defined In Module
      -----  --------------------------------   ------------------------
     00000100  _spider_1_size                     
     00000100  _spider_2_size                     
     00000100  _spider_3_size                     
     00000100  _spider_4_size                     
     00000100  _spider_5_size                     
     00000100  _spider_6_size                     
     00000100  _spider_7_size                     
     00000100  _spider_8_size                     
     00000100  _spider_9_size                     
     00000100  l__v_mask_table_0               
     00000100  s__CODE                         
     00000733  l__CABS0                        
     00000F51  l__DATA                         
     000012EB  l_SPRITES                       
     00002F66  l__CODE                         
     00004001  s_SPRITES                       
     00008200  _d_disk_table                      disc
     00008400  s__DATA                         
     00009351  s__INITIALIZED                  
     00009372  s__GSINIT                       
     00009372  s__HOME                         
     00009381  s__GSFINAL                      
     00009381  s__INITIALIZER                  
     000093A2  s__CSEG                         

ASxxxx Linker V03.00/V05.40 + sdld,  page 5.
Hexadecimal  [32-Bits]

Area                                    Addr        Size        Decimal Bytes (Attributes)
--------------------------------        ----        ----        ------- ----- ------------
_CODE                               00000100    00002F66 =       12134. bytes (REL,CON)

      Value  Global                              Global Defined In Module
      -----  --------------------------------   ------------------------
     00000100  _i_start                           intro
     000001D6  _i_stop                            intro
     000005A6  _m_start                           made
     000005F0  _m_stop                            made
     000006D8  _dummy_cpct_transparentMaskTable   main
     000006D8  _p_start                           presents
     00000723  _p_stop                            presents
     000008B4  _t_start                           titles
     0000096A  _t_do                              titles
     000009C2  _t_stop                            titles
     00001012  _a_sprite_flip_horizontal_inplac   asic
     00001075  _a_set_hardware_sprite_palette     asic
     0000107B  _a_blank_hardware_sprite_palette   asic
     0000108F  _a_load_roland_sprites             asic
     0000109D  _a_load_ghost_sprites              asic
     000010AB  _a_load_spider_sprites             asic
     000010B9  _a_load_snowball_sprites           asic
     000010C7  _a_load_cpctelera_sprites          asic
     000010D5  _a_load_hw_sprite                  asic
     0000112A  _a_load_sprite_set                 asic
     000011A9  _a_clear_sprites                   asic
     000011C9  _a_load_sprite_range               asic
     0000120C  _a_hide_sprite_range               asic
     00001238  _a_clear_all_sprites               asic
     00001258  _a_show_sprite                     asic
     00001267  _a_hide_sprite                     asic
     00001272  _a_set_sprite_zoom_range           asic
     000012A5  _a_page_connect_safe               asic
     000012B4  _a_page_disconnect_safe            asic
     000012C2  _c_sprite_cache_bank_init          cache
     000013B2  _c_sprite_cache_bank_upload        cache
     0000147C  _d_load                            disc
     0000148F  _d_gfx_resources                   disc
     0000149F  _d_gfx_resource_end                disc
     000014BE  _d_gfx_resource_start              disc
     000014D0  _d_gfx_decompress_to_screen        disc
     000014EB  _d_load_gfx_to_extended_memory     disc
     00001556  _d_load_music                      disc
     00001571  _u_clock_interrupt                 utilities
     000015AF  _u_reset_clock                     utilities
     000015B9  _u_clock_tick                      utilities
     000015D8  _u_clear_input                     utilities
     000015E5  _u_wait_for_duration_or_kp         utilities
     0000162F  _v_blank_screen_no_asic            video
     00001647  _v_blank_screen_mode_1             video
     00001661  _v_clear_screen                    video
     00001671  _v_set_intro_ghost_sprite_pos      video
     000016F2  _v_set_intro_roland_sprite_pos     video
     00001768  _v_set_title_roland_sprite_pos     video
     000017DE  _v_set_made_cpctelera_sprite_pos   video
ASxxxx Linker V03.00/V05.40 + sdld,  page 6.
Hexadecimal  [32-Bits]

Area                                    Addr        Size        Decimal Bytes (Attributes)
--------------------------------        ----        ----        ------- ----- ------------
_CODE                               00000100    00002F66 =       12134. bytes (REL,CON)

      Value  Global                              Global Defined In Module
      -----  --------------------------------   ------------------------
     00001855  _v_set_intro_spider_sprite_pos     video
     0000191F  _v_set_intro_snowball_sprite_pos   video
     000019ED  _v_spider_set_frame                video
     00001A50  _v_snowball_set_frame              video
     00001AB7  _a_crtc_set_start                  
     00001ACC  _h_get_details                     
     00001BB7  _asm_load_file                     
     00001BFA  _asm_fdc_on                        
     00001C16  _asm_fdc_off                       
     00001F07  _cpct_asicSetSpritePosition        cpct_asic
     00001F1B  _cpct_disableFirmware              cpct_firmware
     00001F1B  _cpct_removeInterruptHandler       cpct_firmware
     00001F1B  cpct_disableFirmware_asm           cpct_firmware
     00001F1B  cpct_removeInterruptHandler_asm    cpct_firmware
     00001F34  _cpct_PLY_AKG_InitSoundEffects     cpct_audio
     00001F38  _cpct_PLY_AKG_PlaySoundEffect      cpct_audio
     00001F64  _cpct_PLY_AKG_StopSoundEffectFro   cpct_audio
     0000207C  _cpct_PLY_AKG_Init                 cpct_audio
     0000213C  _cpct_PLY_AKG_Stop                 cpct_audio
     0000214E  _cpct_PLY_AKG_Play                 cpct_audio
     00002C84  _cpct_setPalette                   cpct_video
     00002C97  _cpct_scanKeyboard_f               cpct_keyboard
     00002C97  cpct_scanKeyboard_f_asm            cpct_keyboard
     00002D01  _cpct_isKeyPressed                 cpct_keyboard
     00002D01  cpct_isKeyPressed_asm              cpct_keyboard
     00002D0D  _cpct_asicSetPalette               cpct_asic
     00002D1E  _cpct_setPALColour                 cpct_video
     00002D2A  _cpct_asicSetPalColour             cpct_asic
     00002D37  _cpct_drawSprite                   cpct_sprites
     00002DDA  _cpct_asicPageDisconnect           cpct_asic
     00002DDA  _cpct_asicPageDisconnect_asm       cpct_asic
     00002DE0  _cpct_asicPageConnect              cpct_asic
     00002DE0  cpct_asicPageConnect_asm           cpct_asic
     00002DE6  _cpct_asicSetSpriteZoom            cpct_asic
     00002DFA  _cpct_asicSetBorder                cpct_asic
     00002E03  _cpct_asicCopySpriteData           cpct_asic
     00002E32  _cpct_keyboardStatusBuffer         cpct_keyboard
     00002E3C  _cpct_memset_f64                   cpct_memutils
     00002E85  _cpct_setStackLocation             cpct_memutils
     00002E85  cpct_setStackLocation_asm          cpct_memutils
     00002E89  ___sdcc_call_hl                    
     00002E8A  _cpct_isAnyKeyPressed              cpct_keyboard
     00002E8A  cpct_isAnyKeyPressed_asm           cpct_keyboard
     00002E96  _cpct_scanKeyboard_if              cpct_keyboard
     00002E96  cpct_scanKeyboard_if_asm           cpct_keyboard
     00002EFE  _cpct_isAnyKeyPressed_f            cpct_keyboard
     00002EFE  cpct_isAnyKeyPressed_f_asm         cpct_keyboard
     00002F18  _cpct_zx7b_decrunch_s              cpct_compression
     00002F59  _cpct_setVideoMode                 cpct_video
     00002F67  _cpct_waitVSYNC                    cpct_video
     00002F67  cpct_waitVSYNC_asm                 cpct_video
ASxxxx Linker V03.00/V05.40 + sdld,  page 7.
Hexadecimal  [32-Bits]

Area                                    Addr        Size        Decimal Bytes (Attributes)
--------------------------------        ----        ----        ------- ----- ------------
_CODE                               00000100    00002F66 =       12134. bytes (REL,CON)

      Value  Global                              Global Defined In Module
      -----  --------------------------------   ------------------------
     00002F6F  _cpct_memset                       cpct_memutils
     00002F7D  _cpct_memcpy                       cpct_memutils
     00002F84  _cpct_asicUnlock                   cpct_asic
     00002F84  cpct_asicUnlock_asm                cpct_asic
     00002F97  asic_code                          cpct_asic
     00002FA8  ___sdcc_call_iy                    
     00002FAA  ___sdcc_enter_ix                   
     00002FB4  _cpct_asicSetSpritePalette         cpct_asic
     00002FC5  _cpct_asicSetLinesInterruptHandl   cpct_asic
     0000302D  _cpct_asicSetSpritePalColour       cpct_asic
     0000303A  _cpct_asicRemoveLinesInterruptHa   cpct_asic
     0000303A  cpct_asicRemoveLinesInterruptHan   cpct_asic
     0000304F  _cpct_mode_rom_status              cpct_firmware
     00003050  _cpct_pageMemory                   cpct_memutils
     00003059  _cpct_waitVSYNCStart               cpct_video
     00003059  cpct_waitVSYNCStart_asm            cpct_video
ASxxxx Linker V03.00/V05.40 + sdld,  page 8.
Hexadecimal  [32-Bits]

Area                                    Addr        Size        Decimal Bytes (Attributes)
--------------------------------        ----        ----        ------- ----- ------------
_DATA                               00008400    00000F51 =        3921. bytes (REL,CON)

      Value  Global                              Global Defined In Module
      -----  --------------------------------   ------------------------
     00008400  _g_hw                              main
     0000840D  _font_00                           font
     00008434  _font_01                           font
     0000845B  _font_02                           font
     00008482  _font_03                           font
     000084A9  _font_04                           font
     000084D0  _font_05                           font
     000084F7  _font_06                           font
     0000851E  _font_07                           font
     00008545  _font_08                           font
     0000856C  _font_09                           font
     00008593  _font_10                           font
     000085BA  _font_11                           font
     000085E1  _font_12                           font
     00008608  _font_13                           font
     0000862F  _font_14                           font
     00008656  _font_15                           font
     0000867D  _font_16                           font
     000086A4  _font_17                           font
     000086CB  _font_18                           font
     000086F2  _font_19                           font
     00008719  _font_20                           font
     00008740  _font_21                           font
     00008767  _font_22                           font
     0000878E  _font_23                           font
     000087B5  _font_24                           font
     000087DC  _font_25                           font
     00008803  _font_26                           font
     0000882A  _font_27                           font
     00008851  _font_28                           font
     00008878  _font_29                           font
     0000889F  _font_30                           font
     000088C6  _font_31                           font
     000088ED  _font_32                           font
     00008914  _font_33                           font
     0000893B  _font_34                           font
     00008962  _font_35                           font
     00008989  _font_36                           font
     000089B0  _font_37                           font
     000089D7  _font_38                           font
     000089FE  _font_39                           font
     00008A25  _font_40                           font
     00008A4C  _font_41                           font
     00008A73  _font_42                           font
     00008A9A  _font_43                           font
     00008AC1  _font_44                           font
     00008AE8  _font_45                           font
     00008B0F  _font_46                           font
     00008B36  _font_47                           font
     00008B5D  _font_48                           font
ASxxxx Linker V03.00/V05.40 + sdld,  page 9.
Hexadecimal  [32-Bits]

Area                                    Addr        Size        Decimal Bytes (Attributes)
--------------------------------        ----        ----        ------- ----- ------------
_DATA                               00008400    00000F51 =        3921. bytes (REL,CON)

      Value  Global                              Global Defined In Module
      -----  --------------------------------   ------------------------
     00008B84  _font_49                           font
     00008BAB  _font_50                           font
     00008BD2  _font_51                           font
     00008BF9  _font_52                           font
     00008C20  _font_53                           font
     00008C47  _font_54                           font
     00008C6E  _font_55                           font
     00008C95  _font_56                           font
     00008CBC  _font_57                           font
     00008CE3  _font_58                           font
     00008D0A  _font_59                           font
     00008D31  _font_60                           font
     00008D58  _font_61                           font
     00008D7F  _font_62                           font
     00008DA6  _font_63                           font
     00008DCD  _font_64                           font
     00008DF4  _font_65                           font
     00008E1B  _font_66                           font
     00008E42  _font_67                           font
     00008E69  _font_68                           font
     00008E90  _font_69                           font
     00008EB7  _img_in                            images
     00008FA7  _img_loading_data                  images
     000090EC  _roland_sprites_data               sprites
     000090FC  _snowball_sprites_data             sprites
     0000913C  _spider_sprites_data               sprites
     0000916C  _ghost_sprites_data                sprites
     00009190  _titles_sprites_data               sprites
     000091BC  _mode_sprites_data                 sprites
     000091E0  _cpctelera_sprites_data            sprites
     00009220  _roland_sprites_palette            sprites
     00009240  _snowball_sprites_palette          sprites
     00009260  _spider_sprites_palette            sprites
     00009280  _ghost_sprites_palette             sprites
     000092A0  _titles_sprites_palette_classic    sprites
     000092C0  _titles_sprites_palette_zen        sprites
     000092E0  _titles_sprites_palette_mania      sprites
     00009300  _mode_sprites_palette              sprites
     00009320  _cpctelera_sprites_palette         sprites
     00009340  _g_sprite_banks                    cache
     0000934F  _g_clock_on                        utilities

ASxxxx Linker V03.00/V05.40 + sdld,  page 10.
Hexadecimal  [32-Bits]

Area                                    Addr        Size        Decimal Bytes (Attributes)
--------------------------------        ----        ----        ------- ----- ------------
_INITIALIZED                        00009351    00000021 =          33. bytes (REL,CON)

      Value  Global                              Global Defined In Module
      -----  --------------------------------   ------------------------
     00009354  _g_ghost_bob                       intro
     00009358  _g_skip                            main
     0000935F  _g_game_mode                       titles
     0000936A  _g_clock                           utilities

ASxxxx Linker V03.00/V05.40 + sdld,  page 11.
Hexadecimal  [32-Bits]

Area                                    Addr        Size        Decimal Bytes (Attributes)
--------------------------------        ----        ----        ------- ----- ------------
_GSINIT                             00009372    0000000F =          15. bytes (REL,CON)

      Value  Global                              Global Defined In Module
      -----  --------------------------------   ------------------------
ASxxxx Linker V03.00/V05.40 + sdld,  page 12.
Hexadecimal  [32-Bits]

Area                                    Addr        Size        Decimal Bytes (Attributes)
--------------------------------        ----        ----        ------- ----- ------------
_INITIALIZER                        00009381    00000021 =          33. bytes (REL,CON)

      Value  Global                              Global Defined In Module
      -----  --------------------------------   ------------------------
ASxxxx Linker V03.00/V05.40 + sdld,  page 13.
Hexadecimal  [32-Bits]

Area                                    Addr        Size        Decimal Bytes (Attributes)
--------------------------------        ----        ----        ------- ----- ------------
_v_mask_table_0                     00000000    00000100 =         256. bytes (ABS,CON)

      Value  Global                              Global Defined In Module
      -----  --------------------------------   ------------------------
     00008000  _v_mask_table                      main

ASxxxx Linker V03.00/V05.40 + sdld,  page 14.
Hexadecimal  [32-Bits]

Area                                    Addr        Size        Decimal Bytes (Attributes)
--------------------------------        ----        ----        ------- ----- ------------
_CSEG                               000093A2    0000009C =         156. bytes (REL,CON)

      Value  Global                              Global Defined In Module
      -----  --------------------------------   ------------------------
     000093A2  _main                              main

ASxxxx Linker V03.00/V05.40 + sdld,  page 15.
Hexadecimal  [32-Bits]

Area                                    Addr        Size        Decimal Bytes (Attributes)
--------------------------------        ----        ----        ------- ----- ------------
_CABS0                              00000000    00000733 =        1843. bytes (ABS,CON)

      Value  Global                              Global Defined In Module
      -----  --------------------------------   ------------------------
     00007000  _g_title_music                     sound

ASxxxx Linker V03.00/V05.40 + sdld,  page 16.
Hexadecimal  [32-Bits]

Area                                    Addr        Size        Decimal Bytes (Attributes)
--------------------------------        ----        ----        ------- ----- ------------
SPRITES                             00004001    000012EB =        4843. bytes (REL,CON)

      Value  Global                              Global Defined In Module
      -----  --------------------------------   ------------------------
     00004001  _controls_0                        
     00004049  _controls_0_end                    
     0000404A  _controls_1                        
     00004093  _controls_1_end                    
     00004094  _controls_2                        
     000040E2  _controls_2_end                    
     000040E3  _controls_3                        
     0000412F  _controls_3_end                    
     00004130  _cpctelera_0                       
     00004139  _cpctelera_0_end                   
     0000413A  _cpctelera_10                      
     00004199  _cpctelera_10_end                  
     0000419A  _cpctelera_11                      
     000041A1  _cpctelera_11_end                  
     000041A2  _cpctelera_12                      
     000041A7  _cpctelera_12_end                  
     000041A8  _cpctelera_13                      
     000041C7  _cpctelera_13_end                  
     000041C8  _cpctelera_14                      
     000041ED  _cpctelera_14_end                  
     000041EE  _cpctelera_15                      
     000041F3  _cpctelera_15_end                  
     000041F4  _cpctelera_1                       
     0000421C  _cpctelera_1_end                   
     0000421D  _cpctelera_2                       
     0000427D  _cpctelera_2_end                   
     0000427E  _cpctelera_3                       
     000042A0  _cpctelera_3_end                   
     000042A1  _cpctelera_4                       
     00004316  _cpctelera_4_end                   
     00004317  _cpctelera_5                       
     00004397  _cpctelera_5_end                   
     00004398  _cpctelera_6                       
     000043F2  _cpctelera_6_end                   
     000043F3  _cpctelera_7                       
     00004436  _cpctelera_7_end                   
     00004437  _cpctelera_8                       
     00004466  _cpctelera_8_end                   
     00004467  _cpctelera_9                       
     000044BF  _cpctelera_9_end                   
     000044C0  _ghost_0                           
     000044C5  _ghost_0_end                       
     000044C6  _ghost_1                           
     000044F5  _ghost_1_end                       
     000044F6  _ghost_2                           
     00004527  _ghost_2_end                       
     00004528  _ghost_3                           
     0000454D  _ghost_3_end                       
     0000454E  _ghost_4                           
     00004572  _ghost_4_end                       
ASxxxx Linker V03.00/V05.40 + sdld,  page 17.
Hexadecimal  [32-Bits]

Area                                    Addr        Size        Decimal Bytes (Attributes)
--------------------------------        ----        ----        ------- ----- ------------
SPRITES                             00004001    000012EB =        4843. bytes (REL,CON)

      Value  Global                              Global Defined In Module
      -----  --------------------------------   ------------------------
     00004573  _ghost_5                           
     000045AC  _ghost_5_end                       
     000045AD  _ghost_6                           
     00004602  _ghost_6_end                       
     00004603  _ghost_7                           
     00004669  _ghost_7_end                       
     0000466A  _ghost_8                           
     0000469E  _ghost_8_end                       
     0000469F  _mode_0                            
     000046E7  _mode_0_end                        
     000046E8  _mode_1                            
     00004736  _mode_1_end                        
     00004737  _mode_2                            
     00004785  _mode_2_end                        
     00004786  _mode_3                            
     000047C1  _mode_3_end                        
     000047C2  _mode_4                            
     00004808  _mode_4_end                        
     00004809  _mode_5                            
     0000484F  _mode_5_end                        
     00004850  _mode_6                            
     00004882  _mode_6_end                        
     00004883  _mode_7                            
     000048C9  _mode_7_end                        
     000048CA  _mode_8                            
     00004904  _mode_8_end                        
     00004905  _play_0                            
     0000494C  _play_0_end                        
     0000494D  _play_1                            
     0000498C  _play_1_end                        
     0000498D  _play_2                            
     0000499E  _play_2_end                        
     0000499F  _roland_0                          
     00004A17  _roland_0_end                      
     00004A18  _roland_1                          
     00004A7C  _roland_1_end                      
     00004A7D  _roland_2                          
     00004AF2  _roland_2_end                      
     00004AF3  _roland_3                          
     00004B3C  _roland_3_end                      
     00004B3D  _snowball_0                        
     00004B79  _snowball_0_end                    
     00004B7A  _snowball_10                       
     00004BBA  _snowball_10_end                   
     00004BBB  _snowball_11                       
     00004BF9  _snowball_11_end                   
     00004BFA  _snowball_12                       
     00004C49  _snowball_12_end                   
     00004C4A  _snowball_13                       
     00004C8D  _snowball_13_end                   
     00004C8E  _snowball_14                       
ASxxxx Linker V03.00/V05.40 + sdld,  page 18.
Hexadecimal  [32-Bits]

Area                                    Addr        Size        Decimal Bytes (Attributes)
--------------------------------        ----        ----        ------- ----- ------------
SPRITES                             00004001    000012EB =        4843. bytes (REL,CON)

      Value  Global                              Global Defined In Module
      -----  --------------------------------   ------------------------
     00004CE1  _snowball_14_end                   
     00004CE2  _snowball_15                       
     00004D31  _snowball_15_end                   
     00004D32  _snowball_1                        
     00004D7C  _snowball_1_end                    
     00004D7D  _snowball_2                        
     00004DD2  _snowball_2_end                    
     00004DD3  _snowball_3                        
     00004E2A  _snowball_3_end                    
     00004E2B  _snowball_4                        
     00004E80  _snowball_4_end                    
     00004E81  _snowball_5                        
     00004EBE  _snowball_5_end                    
     00004EBF  _snowball_6                        
     00004F00  _snowball_6_end                    
     00004F01  _snowball_7                        
     00004F43  _snowball_7_end                    
     00004F44  _snowball_8                        
     00004F8E  _snowball_8_end                    
     00004F8F  _snowball_9                        
     00004FE2  _snowball_9_end                    
     00004FE3  _spider_0                          
     0000501A  _spider_0_end                      
     0000501B  _spider_10                         
     00005064  _spider_10_end                     
     00005065  _spider_11                         
     000050B8  _spider_11_end                     
     000050B9  _spider_1                          
     000050F0  _spider_1_end                      
     000050F1  _spider_2                          
     00005128  _spider_2_end                      
     00005129  _spider_3                          
     00005158  _spider_3_end                      
     00005159  _spider_4                          
     00005189  _spider_4_end                      
     0000518A  _spider_5                          
     000051B4  _spider_5_end                      
     000051B5  _spider_6                          
     000051F9  _spider_6_end                      
     000051FA  _spider_7                          
     00005248  _spider_7_end                      
     00005249  _spider_8                          
     00005299  _spider_8_end                      
     0000529A  _spider_9                          
     000052EB  _spider_9_end                      

ASxxxx Linker V03.00/V05.40 + sdld,  page 19.

Files Linked                              [ module(s) ]

obj/intro.rel                             [ intro ]
obj/made.rel                              [ made ]
obj/main.rel                              [ main ]
obj/presents.rel                          [ presents ]
obj/titles.rel                            [ titles ]
obj/dat/font.rel                          [ font ]
obj/dat/images.rel                        [ images ]
obj/dat/sound.rel                         [ sound ]
obj/dat/sprites.rel                       [ sprites ]
obj/lib/asic.rel                          [ asic ]
obj/lib/cache.rel                         [ cache ]
obj/lib/disc.rel                          [ disc ]
obj/lib/hardware.rel                      [ hardware ]
obj/lib/utilities.rel                     [ utilities ]
obj/lib/video.rel                         [ video ]
obj/dat/sprites/controls.h.rel            [  ]
obj/dat/sprites/controls.rel              [  ]
obj/dat/sprites/cpctelera.h.rel           [  ]
obj/dat/sprites/cpctelera.rel             [  ]
obj/dat/sprites/ghost.h.rel               [  ]
obj/dat/sprites/ghost.rel                 [  ]
obj/dat/sprites/mode.h.rel                [  ]
obj/dat/sprites/mode.rel                  [  ]
obj/dat/sprites/play.h.rel                [  ]
obj/dat/sprites/play.rel                  [  ]
obj/dat/sprites/roland.h.rel              [  ]
obj/dat/sprites/roland.rel                [  ]
obj/dat/sprites/snowball.h.rel            [  ]
obj/dat/sprites/snowball.rel              [  ]
obj/dat/sprites/spider.h.rel              [  ]
obj/dat/sprites/spider.rel                [  ]
obj/lib/crtc.rel                          [  ]
obj/lib/detectcfg.rel                     [  ]
obj/lib/readsdcc.rel                      [  ]


Libraries Linked                          [ object file ]

/home/dave/Development/Amstrad/cpct/cpctelera/cpctelera.lib
                                          [ cpct_asicSetSpritePosition_cbind ]
/home/dave/Development/Amstrad/cpct/cpctelera/cpctelera.lib
                                          [ cpct_removeInterruptHandler.rel ]
/home/dave/Development/Amstrad/cpct/cpctelera/cpctelera.lib
                                          [ arkosTracker_PlayerAkg.rel ]
/home/dave/Development/Amstrad/cpct/cpctelera/cpctelera.lib
                                          [ cpct_setPalette_cbindings.rel ]
/home/dave/Development/Amstrad/cpct/cpctelera/cpctelera.lib
                                          [ cpct_scanKeyboard_f.rel ]
/home/dave/Development/Amstrad/cpct/cpctelera/cpctelera.lib
                                          [ cpct_isKeyPressed.rel ]
/home/dave/Development/Amstrad/cpct/cpctelera/cpctelera.lib
                                          [ cpct_asicSetPalette_cbinding.rel ]
/home/dave/Development/Amstrad/cpct/cpctelera/cpctelera.lib
                                          [ cpct_setPALColour_cbindings.rel ]
/home/dave/Development/Amstrad/cpct/cpctelera/cpctelera.lib
                                          [ cpct_asicSetPalColour_cbinding.r ]
/home/dave/Development/Amstrad/cpct/cpctelera/cpctelera.lib
                                          [ cpct_drawSprite_cbindings.rel ]
/home/dave/Development/Amstrad/cpct/cpctelera/cpctelera.lib
                                          [ cpct_asicPageDisconnect.rel ]
/home/dave/Development/Amstrad/cpct/cpctelera/cpctelera.lib
                                          [ cpct_asicPageConnect.rel ]
/home/dave/Development/Amstrad/cpct/cpctelera/cpctelera.lib
                                          [ cpct_asicSetSpriteZoom_cbinding. ]
/home/dave/Development/Amstrad/cpct/cpctelera/cpctelera.lib
                                          [ cpct_asicSetBorder_cbinding.rel ]
/home/dave/Development/Amstrad/cpct/cpctelera/cpctelera.lib
                                          [ cpct_asicCopySpriteData_cbinding ]
/home/dave/Development/Amstrad/cpct/cpctelera/cpctelera.lib
                                          [ keyboard.rel ]
/home/dave/Development/Amstrad/cpct/cpctelera/cpctelera.lib
                                          [ cpct_memset_f64_cbinding.rel ]
/home/dave/Development/Amstrad/cpct/cpctelera/cpctelera.lib
                                          [ cpct_setStackLocation.rel ]
/home/dave/Development/Amstrad/cpct/cpctelera/tools/sdcc-4.5.0/bin/../share/sdcc/lib/z80/z80.lib
                                          [ __sdcc_call_hl.rel ]
/home/dave/Development/Amstrad/cpct/cpctelera/cpctelera.lib
                                          [ cpct_isAnyKeyPressed.rel ]
/home/dave/Development/Amstrad/cpct/cpctelera/cpctelera.lib
                                          [ cpct_scanKeyboard_if.rel ]
/home/dave/Development/Amstrad/cpct/cpctelera/cpctelera.lib
                                          [ cpct_isAnyKeyPressed_f.rel ]
/home/dave/Development/Amstrad/cpct/cpctelera/cpctelera.lib
                                          [ cpct_zx7b_decrunch_s_cbindings.r ]
/home/dave/Development/Amstrad/cpct/cpctelera/cpctelera.lib
                                          [ cpct_setVideoMode_cbindings.rel ]
/home/dave/Development/Amstrad/cpct/cpctelera/cpctelera.lib
                                          [ cpct_waitVSYNC.rel ]
/home/dave/Development/Amstrad/cpct/cpctelera/cpctelera.lib
                                          [ cpct_memset_cbinding.rel ]
/home/dave/Development/Amstrad/cpct/cpctelera/cpctelera.lib
                                          [ cpct_memcpy_cbindings.rel ]
/home/dave/Development/Amstrad/cpct/cpctelera/cpctelera.lib
                                          [ cpct_asicUnlock.rel ]
/home/dave/Development/Amstrad/cpct/cpctelera/tools/sdcc-4.5.0/bin/../share/sdcc/lib/z80/z80.lib
                                          [ __sdcc_call_iy.rel ]
/home/dave/Development/Amstrad/cpct/cpctelera/tools/sdcc-4.5.0/bin/../share/sdcc/lib/z80/z80.lib
                                          [ crtenter.rel ]
/home/dave/Development/Amstrad/cpct/cpctelera/cpctelera.lib
                                          [ cpct_asicSetSpritePalette_cbindi ]
/home/dave/Development/Amstrad/cpct/cpctelera/cpctelera.lib
                                          [ cpct_asicSetLinesInterruptHandle ]
/home/dave/Development/Amstrad/cpct/cpctelera/cpctelera.lib
                                          [ cpct_asicSetSpritePalColour_cbin ]
/home/dave/Development/Amstrad/cpct/cpctelera/cpctelera.lib
                                          [ cpct_asicRemoveLinesInterruptHan ]
/home/dave/Development/Amstrad/cpct/cpctelera/cpctelera.lib
                                          [ cpc_mode_rom_status.rel ]
/home/dave/Development/Amstrad/cpct/cpctelera/cpctelera.lib
                                          [ cpct_pageMemory_cbindings.rel ]
/home/dave/Development/Amstrad/cpct/cpctelera/cpctelera.lib
                                          [ cpct_waitVSYNCStart.rel ]

ASxxxx Linker V03.00/V05.40 + sdld,  page 20.

User Base Address Definitions

_CODE = 0x0100
_DATA = 0x8400
SPRITES=0x4001

